// Jest Snapshot v1, https://goo.gl/fbAQLP

exports[`OnboardingJourney Component: AccountSettingsView renders correctly 1`] = `
<KeyboardAwareScrollView
  contentContainerStyle={
    Array [
      Object {
        "backgroundColor": "#FFFFFF",
        "flexGrow": 1,
        "justifyContent": "space-between",
        "paddingBottom": -10,
      },
      Object {
        "padding": 20,
      },
    ]
  }
  extraHeight={120}
  keyboardShouldPersistTaps="handled"
>
  <View
    style={
      Object {
        "flex": 1,
      }
    }
  >
    <Text
      style={
        Object {
          "color": "#000000",
          "fontFamily": "Roboto",
          "fontSize": 24,
          "fontWeight": "700",
          "paddingBottom": 20,
          "paddingHorizontal": 20,
        }
      }
    >
      Great! Now let's create your new account
    </Text>
    <View
      style={
        Object {
          "flexDirection": "row",
        }
      }
    >
      <Text
        style={
          Object {
            "color": "#000000",
            "fontWeight": "300",
            "paddingLeft": 20,
          }
        }
      >
        Mohon buat username & kata sandi baru untuk i-banking Anda.
      </Text>
    </View>
    <View
      style={
        Object {
          "flexDirection": "column",
          "paddingHorizontal": 19,
          "paddingTop": 5,
        }
      }
    >
      <View
        style={
          Object {
            "alignItems": "center",
            "flexDirection": "row",
            "justifyContent": "space-between",
          }
        }
      >
        <Text
          allowFontScaling={false}
          style={
            Array [
              Object {
                "color": undefined,
                "fontSize": 25,
              },
              Object {
                "color": "#666",
                "marginTop": 10,
                "width": 40,
              },
              Object {
                "fontFamily": "simas",
                "fontStyle": "normal",
                "fontWeight": "normal",
              },
              Object {},
            ]
          }
        >
          
        </Text>
        <View
          style={
            Object {
              "flex": 1,
            }
          }
        >
          <View>
            <View>
              <View>
                <Text
                  numberOfLines={1}
                  style={
                    Object {
                      "fontSize": 14,
                      "left": 0,
                      "position": "absolute",
                      "top": 35,
                    }
                  }
                >
                  Masukkan Username
                </Text>
              </View>
              <View
                onResponderRelease={[Function]}
                onStartShouldSetResponder={[Function]}
                pointerEvents="auto"
              >
                <View
                  style={
                    Object {
                      "backgroundColor": "transparent",
                      "borderBottomColor": "rgba(0, 0, 0, 0.38)",
                      "borderBottomWidth": 0.5,
                      "height": 64,
                      "paddingBottom": 8,
                      "paddingTop": 32,
                    }
                  }
                >
                  <View
                    style={
                      Object {
                        "position": "absolute",
                        "top": 36,
                      }
                    }
                  >
                    <Text
                      numberOfLines={1}
                      style={
                        Object {
                          "color": "rgba(0, 0, 0, 0.38)",
                          "fontSize": 16,
                        }
                      }
                    >
                      
                    </Text>
                  </View>
                  <View
                    style={
                      Object {
                        "flexDirection": "row",
                      }
                    }
                  >
                    <TextInput
                      allowFontScaling={true}
                      autoCapitalize="none"
                      disableFullscreenUI={true}
                      editable={true}
                      maxLength={20}
                      onBlur={[Function]}
                      onChange={[Function]}
                      onChangeText={[Function]}
                      onContentSizeChange={[Function]}
                      onFocus={[Function]}
                      placeholder=""
                      rejectResponderTermination={true}
                      selectionColor="#D72F33"
                      style={
                        Array [
                          Object {
                            "flex": 1,
                            "margin": 0,
                            "padding": 0,
                            "top": 2,
                          },
                          Object {
                            "color": "rgba(0, 0, 0, .87)",
                            "fontSize": 16,
                            "height": 24,
                          },
                          Object {
                            "color": "#000",
                            "fontSize": 24,
                          },
                        ]
                      }
                      theme="primary"
                      underlineColorAndroid="transparent"
                      value=""
                    />
                  </View>
                </View>
                <View
                  style={
                    Object {
                      "flexDirection": "row",
                      "height": 8,
                    }
                  }
                >
                  <View
                    style={
                      Object {
                        "flex": 1,
                      }
                    }
                  >
                    <View
                      style={
                        Object {
                          "bottom": 0,
                          "left": 0,
                          "paddingVertical": 4,
                          "position": "absolute",
                          "right": 0,
                          "top": 0,
                        }
                      }
                    >
                      <Text
                        numberOfLines={1}
                        style={
                          Object {
                            "backgroundColor": "transparent",
                            "color": "rgb(213, 0, 0)",
                            "fontSize": 0,
                            "opacity": 0,
                          }
                        }
                      />
                    </View>
                    <View
                      style={
                        Object {
                          "bottom": 0,
                          "left": 0,
                          "paddingVertical": 4,
                          "position": "absolute",
                          "right": 0,
                          "top": 0,
                        }
                      }
                    >
                      <Text
                        numberOfLines={1}
                        style={
                          Object {
                            "backgroundColor": "transparent",
                            "color": "rgba(0, 0, 0, .38)",
                            "fontSize": 12,
                            "opacity": 1,
                          }
                        }
                      />
                    </View>
                  </View>
                </View>
              </View>
            </View>
          </View>
        </View>
      </View>
      <View>
        <View
          style={
            Object {
              "alignItems": "center",
              "flexDirection": "row",
              "justifyContent": "space-between",
            }
          }
        >
          <Text
            allowFontScaling={false}
            style={
              Array [
                Object {
                  "color": undefined,
                  "fontSize": 25,
                },
                Object {
                  "color": "#666",
                  "marginTop": 10,
                  "width": 40,
                },
                Object {
                  "fontFamily": "simas",
                  "fontStyle": "normal",
                  "fontWeight": "normal",
                },
                Object {},
              ]
            }
          >
            
          </Text>
          <View
            style={
              Object {
                "flex": 1,
              }
            }
          >
            <View>
              <View>
                <View>
                  <Text
                    numberOfLines={1}
                    style={
                      Object {
                        "fontSize": 14,
                        "left": 0,
                        "position": "absolute",
                        "top": 35,
                      }
                    }
                  >
                    Masukkan kata sandi
                  </Text>
                </View>
                <View
                  onResponderRelease={[Function]}
                  onStartShouldSetResponder={[Function]}
                  pointerEvents="auto"
                >
                  <View
                    style={
                      Object {
                        "backgroundColor": "transparent",
                        "borderBottomColor": "rgba(0, 0, 0, 0.38)",
                        "borderBottomWidth": 0.5,
                        "height": 64,
                        "paddingBottom": 8,
                        "paddingTop": 32,
                      }
                    }
                  >
                    <View
                      style={
                        Object {
                          "position": "absolute",
                          "top": 36,
                        }
                      }
                    >
                      <Text
                        numberOfLines={1}
                        style={
                          Object {
                            "color": "rgba(0, 0, 0, 0.38)",
                            "fontSize": 16,
                          }
                        }
                      >
                        
                      </Text>
                    </View>
                    <View
                      style={
                        Object {
                          "flexDirection": "row",
                        }
                      }
                    >
                      <TextInput
                        allowFontScaling={true}
                        autoCapitalize="none"
                        disableFullscreenUI={true}
                        editable={true}
                        onBlur={[Function]}
                        onChange={[Function]}
                        onChangeText={[Function]}
                        onContentSizeChange={[Function]}
                        onFocus={[Function]}
                        placeholder=""
                        rejectResponderTermination={true}
                        secureTextEntry={true}
                        selectionColor="#D72F33"
                        style={
                          Array [
                            Object {
                              "flex": 1,
                              "margin": 0,
                              "padding": 0,
                              "top": 2,
                            },
                            Object {
                              "color": "rgba(0, 0, 0, .87)",
                              "fontSize": 16,
                              "height": 24,
                            },
                            Object {
                              "color": "#000",
                              "fontSize": 24,
                            },
                          ]
                        }
                        theme="primary"
                        underlineColorAndroid="transparent"
                        value=""
                      />
                    </View>
                  </View>
                  <View
                    style={
                      Object {
                        "flexDirection": "row",
                        "height": 8,
                      }
                    }
                  >
                    <View
                      style={
                        Object {
                          "flex": 1,
                        }
                      }
                    >
                      <View
                        style={
                          Object {
                            "bottom": 0,
                            "left": 0,
                            "paddingVertical": 4,
                            "position": "absolute",
                            "right": 0,
                            "top": 0,
                          }
                        }
                      >
                        <Text
                          numberOfLines={1}
                          style={
                            Object {
                              "backgroundColor": "transparent",
                              "color": "rgb(213, 0, 0)",
                              "fontSize": 0,
                              "opacity": 0,
                            }
                          }
                        />
                      </View>
                      <View
                        style={
                          Object {
                            "bottom": 0,
                            "left": 0,
                            "paddingVertical": 4,
                            "position": "absolute",
                            "right": 0,
                            "top": 0,
                          }
                        }
                      >
                        <Text
                          numberOfLines={1}
                          style={
                            Object {
                              "backgroundColor": "transparent",
                              "color": "rgba(0, 0, 0, .38)",
                              "fontSize": 12,
                              "opacity": 1,
                            }
                          }
                        />
                      </View>
                    </View>
                  </View>
                </View>
              </View>
            </View>
          </View>
        </View>
        <View
          accessible={true}
          clickable={true}
          isTVSelectable={true}
          onClick={[Function]}
          onResponderGrant={[Function]}
          onResponderMove={[Function]}
          onResponderRelease={[Function]}
          onResponderTerminate={[Function]}
          onResponderTerminationRequest={[Function]}
          onStartShouldSetResponder={[Function]}
          style={
            Object {
              "opacity": 1,
              "position": "absolute",
              "right": 0,
              "top": 30,
              "width": 30,
            }
          }
        >
          <Image
            source="blackEyeIcon.png"
          />
        </View>
      </View>
      <View>
        <Text
          style={
            Object {
              "color": "#666",
              "fontFamily": "Roboto",
              "fontSize": 12,
              "fontWeight": "400",
              "paddingLeft": 50,
              "paddingTop": 4,
            }
          }
        >
          Terdiri dari 8-20 karakter. Alfanumerik. Tidak boleh mengandung username.
        </Text>
        <View>
          <View
            style={
              Object {
                "alignItems": "center",
                "flexDirection": "row",
                "justifyContent": "space-between",
              }
            }
          >
            <Text
              allowFontScaling={false}
              style={
                Array [
                  Object {
                    "color": undefined,
                    "fontSize": 25,
                  },
                  Object {
                    "color": "#666",
                    "marginTop": 10,
                    "width": 40,
                  },
                  Object {
                    "fontFamily": "simas",
                    "fontStyle": "normal",
                    "fontWeight": "normal",
                  },
                  Object {},
                ]
              }
            >
              
            </Text>
            <View
              style={
                Object {
                  "flex": 1,
                }
              }
            >
              <View>
                <View>
                  <View>
                    <Text
                      numberOfLines={1}
                      style={
                        Object {
                          "fontSize": 14,
                          "left": 0,
                          "position": "absolute",
                          "top": 35,
                        }
                      }
                    >
                      Konfirmasi ulang kata sandi
                    </Text>
                  </View>
                  <View
                    onResponderRelease={[Function]}
                    onStartShouldSetResponder={[Function]}
                    pointerEvents="auto"
                  >
                    <View
                      style={
                        Object {
                          "backgroundColor": "transparent",
                          "borderBottomColor": "rgba(0, 0, 0, 0.38)",
                          "borderBottomWidth": 0.5,
                          "height": 64,
                          "paddingBottom": 8,
                          "paddingTop": 32,
                        }
                      }
                    >
                      <View
                        style={
                          Object {
                            "position": "absolute",
                            "top": 36,
                          }
                        }
                      >
                        <Text
                          numberOfLines={1}
                          style={
                            Object {
                              "color": "rgba(0, 0, 0, 0.38)",
                              "fontSize": 16,
                            }
                          }
                        >
                          
                        </Text>
                      </View>
                      <View
                        style={
                          Object {
                            "flexDirection": "row",
                          }
                        }
                      >
                        <TextInput
                          allowFontScaling={true}
                          autoCapitalize="none"
                          disableFullscreenUI={true}
                          editable={true}
                          onBlur={[Function]}
                          onChange={[Function]}
                          onChangeText={[Function]}
                          onContentSizeChange={[Function]}
                          onFocus={[Function]}
                          placeholder=""
                          rejectResponderTermination={true}
                          secureTextEntry={true}
                          selectionColor="#D72F33"
                          style={
                            Array [
                              Object {
                                "flex": 1,
                                "margin": 0,
                                "padding": 0,
                                "top": 2,
                              },
                              Object {
                                "color": "rgba(0, 0, 0, .87)",
                                "fontSize": 16,
                                "height": 24,
                              },
                              Object {
                                "color": "#000",
                                "fontSize": 24,
                              },
                            ]
                          }
                          theme="primary"
                          underlineColorAndroid="transparent"
                          value=""
                        />
                      </View>
                    </View>
                    <View
                      style={
                        Object {
                          "flexDirection": "row",
                          "height": 8,
                        }
                      }
                    >
                      <View
                        style={
                          Object {
                            "flex": 1,
                          }
                        }
                      >
                        <View
                          style={
                            Object {
                              "bottom": 0,
                              "left": 0,
                              "paddingVertical": 4,
                              "position": "absolute",
                              "right": 0,
                              "top": 0,
                            }
                          }
                        >
                          <Text
                            numberOfLines={1}
                            style={
                              Object {
                                "backgroundColor": "transparent",
                                "color": "rgb(213, 0, 0)",
                                "fontSize": 0,
                                "opacity": 0,
                              }
                            }
                          />
                        </View>
                        <View
                          style={
                            Object {
                              "bottom": 0,
                              "left": 0,
                              "paddingVertical": 4,
                              "position": "absolute",
                              "right": 0,
                              "top": 0,
                            }
                          }
                        >
                          <Text
                            numberOfLines={1}
                            style={
                              Object {
                                "backgroundColor": "transparent",
                                "color": "rgba(0, 0, 0, .38)",
                                "fontSize": 12,
                                "opacity": 1,
                              }
                            }
                          />
                        </View>
                      </View>
                    </View>
                  </View>
                </View>
              </View>
            </View>
          </View>
          <View
            accessible={true}
            clickable={true}
            isTVSelectable={true}
            onClick={[Function]}
            onResponderGrant={[Function]}
            onResponderMove={[Function]}
            onResponderRelease={[Function]}
            onResponderTerminate={[Function]}
            onResponderTerminationRequest={[Function]}
            onStartShouldSetResponder={[Function]}
            style={
              Object {
                "opacity": 1,
                "position": "absolute",
                "right": 0,
                "top": 30,
                "width": 30,
              }
            }
          >
            <Image
              source="blackEyeIcon.png"
            />
          </View>
        </View>
      </View>
    </View>
    <View
      style={
        Object {
          "alignItems": "center",
          "alignSelf": "center",
          "borderColor": "#ccc",
          "borderRadius": 10,
          "borderWidth": 1,
          "flexDirection": "row",
          "justifyContent": "space-between",
          "marginBottom": 60,
          "marginTop": 20,
          "paddingHorizontal": 10,
          "paddingVertical": 10,
          "width": 637.5,
        }
      }
    >
      <View>
        <View
          style={
            Object {
              "width": 562.5,
            }
          }
        >
          <Text
            style={
              Object {
                "fontFamily": "Roboto",
                "fontWeight": "400",
                "paddingVertical": 10,
              }
            }
          >
            Anda dapat menggunakan Username dan Password diatas untuk mengakses Internet Banking Sinarmas di www.banksinarmas.com
          </Text>
          <Text
            style={
              Object {
                "fontFamily": "Roboto",
                "fontWeight": "400",
                "paddingVertical": 10,
              }
            }
          >
            Aktifkan akses Internet Banking sekarang ?
Jangan khawatir, Anda dapat ubah kembali di menu pengaturan
          </Text>
        </View>
        <View
          style={
            Object {
              "backgroundColor": "#ECECEC",
              "height": 2,
              "marginTop": 10,
            }
          }
        />
        <View
          style={
            Object {
              "width": 562.5,
            }
          }
        >
          <View
            style={
              Array [
                Object {
                  "paddingTop": 25,
                },
                Object {
                  "alignItems": "center",
                  "flexDirection": "row",
                  "justifyContent": "space-between",
                },
              ]
            }
          >
            <Text
              style={
                Object {
                  "fontFamily": "Roboto",
                  "fontWeight": "300",
                }
              }
            >
              Internet Banking Access
            </Text>
          </View>
          <View
            style={
              Object {
                "alignItems": "center",
                "flexDirection": "row",
                "justifyContent": "space-between",
              }
            }
          >
            <View>
              <Text
                style={
                  Object {
                    "fontFamily": "Roboto",
                    "fontWeight": "700",
                  }
                }
              >
                Aktif
              </Text>
            </View>
            <View
              style={
                Object {
                  "alignItems": "center",
                  "flexDirection": "row",
                  "justifyContent": "space-between",
                }
              }
            >
              <View
                style={
                  Object {
                    "paddingRight": 10,
                  }
                }
              >
                <View
                  style={
                    Object {
                      "marginTop": 0,
                    }
                  }
                >
                  <View
                    accessible={true}
                    clickable={true}
                    onClick={[Function]}
                    onResponderGrant={[Function]}
                    onResponderMove={[Function]}
                    onResponderRelease={[Function]}
                    onResponderTerminate={[Function]}
                    onResponderTerminationRequest={[Function]}
                    onStartShouldSetResponder={[Function]}
                    style={
                      Array [
                        Object {
                          "alignItems": "center",
                          "backgroundColor": "transparent",
                          "flexDirection": "column",
                          "justifyContent": "center",
                        },
                        Object {
                          "height": 28,
                          "width": 62,
                        },
                      ]
                    }
                  >
                    <View
                      style={
                        Object {
                          "backgroundColor": "rgba(78, 208, 125, 1)",
                          "borderColor": "rgba(0, 0, 0, 1)",
                          "borderRadius": 15,
                          "borderWidth": 0,
                          "height": 28,
                          "left": 0,
                          "position": "absolute",
                          "top": 0,
                          "width": 62,
                          "zIndex": 1,
                        }
                      }
                    >
                      <View
                        style={
                          Object {
                            "alignItems": "center",
                            "flex": 1,
                            "flexDirection": "row",
                            "justifyContent": "center",
                          }
                        }
                      >
                        <View
                          style={
                            Object {
                              "alignItems": "center",
                              "flex": 1,
                              "flexDirection": "row",
                              "justifyContent": "center",
                            }
                          }
                        >
                          <Text
                            style={
                              Object {
                                "color": "rgba(255, 255, 255, 1)",
                                "fontSize": 12,
                              }
                            }
                          >
                            ON
                          </Text>
                        </View>
                        <View
                          style={
                            Object {
                              "alignItems": "center",
                              "flex": 1,
                              "flexDirection": "row",
                              "justifyContent": "center",
                            }
                          }
                        >
                          <Text
                            style={
                              Object {
                                "color": "rgba(255, 255, 255, 1)",
                                "fontSize": 12,
                              }
                            }
                          >
                            
                          </Text>
                        </View>
                      </View>
                    </View>
                    <View
                      style={
                        Object {
                          "backgroundColor": "rgba(255, 255, 255, 1)",
                          "borderColor": "rgba(0, 0, 0, 1)",
                          "borderRadius": 15,
                          "borderWidth": 0,
                          "height": 20,
                          "left": 37,
                          "position": "absolute",
                          "shadowColor": "#000",
                          "shadowOffset": Object {
                            "height": 0,
                            "width": 0,
                          },
                          "shadowOpacity": 1,
                          "shadowRadius": 0,
                          "top": 4,
                          "width": 20,
                          "zIndex": 3,
                        }
                      }
                    />
                  </View>
                </View>
              </View>
            </View>
          </View>
        </View>
      </View>
    </View>
    <View
      style={
        Object {
          "paddingVertical": 20,
        }
      }
    />
  </View>
  <View>
    <View
      accessible={true}
      clickable={true}
      isTVSelectable={true}
      onClick={[Function]}
      onResponderGrant={[Function]}
      onResponderMove={[Function]}
      onResponderRelease={[Function]}
      onResponderTerminate={[Function]}
      onResponderTerminationRequest={[Function]}
      onStartShouldSetResponder={[Function]}
      style={
        Object {
          "opacity": 1,
        }
      }
    >
      <View
        style={
          Array [
            Object {
              "alignItems": "center",
              "backgroundColor": "#FA3F70",
              "borderRadius": 30,
              "flexDirection": "row",
              "height": 47,
              "justifyContent": "center",
              "paddingHorizontal": 15,
            },
            undefined,
            Object {},
          ]
        }
      >
        <Text
          style={
            Object {
              "color": "#FFFFFF",
              "fontSize": 16,
            }
          }
        >
          LANJUTKAN
        </Text>
      </View>
    </View>
    <View
      style={
        Object {
          "paddingVertical": 10,
        }
      }
    >
      <View>
        <View>
          <Text
            style={
              Object {
                "textAlign": "center",
              }
            }
          >
            <Text
              style={
                Object {
                  "color": "#9B9B9B",
                  "fontSize": 12,
                  "textAlign": "center",
                }
              }
            >
               Butuh bantuan? 
            </Text>
            <Text
              onPress={[Function]}
              style={
                Object {
                  "color": "#FA3F70",
                  "fontSize": 12,
                  "textAlign": "center",
                }
              }
            >
              Hubungi kami
            </Text>
          </Text>
        </View>
      </View>
    </View>
  </View>
</KeyboardAwareScrollView>
`;
